// Jest Snapshot v1, https://goo.gl/fbAQLP

exports[`Button Component Render renders 1`] = `
<BaseButton
  onClick={[Function]}
>
  Test
</BaseButton>
`;
